[     470ms] [INFO] %cDownload the React DevTools for a better development experience: https://react.dev/link/react-devtools font-weight:bold @ http://localhost:3000/_next/static/chunks/node_modules_next_dist_7a8122d0._.js:2287
[     497ms] [LOG] [HMR] connected @ http://localhost:3000/_next/static/chunks/node_modules_next_dist_7a8122d0._.js:2287
[     548ms] [WARNING] Image with src "/uploads/3-day-bromo-madakaripura-waterfall-ijen-overland-from-surabaya-to-bali_0.jpg" is using quality "64" which is not configured in images.qualities [75]. Please update your config to [64, 75].
Read more: https://nextjs.org/docs/messages/next-image-unconfigured-qualities @ http://localhost:3000/_next/static/chunks/node_modules_next_dist_7a8122d0._.js:2287
[     560ms] [WARNING] Image with src "/uploads/3-day-ijen-bromo-madakaripura-waterfall-discovery-from-surabaya_0.jpg" is using quality "64" which is not configured in images.qualities [75]. Please update your config to [64, 75].
Read more: https://nextjs.org/docs/messages/next-image-unconfigured-qualities @ http://localhost:3000/_next/static/chunks/node_modules_next_dist_7a8122d0._.js:2287
[     563ms] [WARNING] Image with src "/uploads/4-day-ijen-bromo-madakaripura-waterfall-expedition-from-surabaya_0.jpg" is using quality "64" which is not configured in images.qualities [75]. Please update your config to [64, 75].
Read more: https://nextjs.org/docs/messages/next-image-unconfigured-qualities @ http://localhost:3000/_next/static/chunks/node_modules_next_dist_7a8122d0._.js:2287
[     568ms] [WARNING] Image with src "/uploads/4-day-ijen-papuma-beach-tumpak-sewu-bromo-journey-from-surabaya_0.webp" is using quality "64" which is not configured in images.qualities [75]. Please update your config to [64, 75].
Read more: https://nextjs.org/docs/messages/next-image-unconfigured-qualities @ http://localhost:3000/_next/static/chunks/node_modules_next_dist_7a8122d0._.js:2287
[     571ms] [WARNING] Image with src "/uploads/4-day-tumpak-sewu-bromo-ijen-adventure-from-surabaya-to-bali_0.webp" is using quality "64" which is not configured in images.qualities [75]. Please update your config to [64, 75].
Read more: https://nextjs.org/docs/messages/next-image-unconfigured-qualities @ http://localhost:3000/_next/static/chunks/node_modules_next_dist_7a8122d0._.js:2287
[     574ms] [WARNING] Image with src "/uploads/5-day-ijen-bromo-madakaripura-malang-city-adventure-from-surabaya_0.webp" is using quality "64" which is not configured in images.qualities [75]. Please update your config to [64, 75].
Read more: https://nextjs.org/docs/messages/next-image-unconfigured-qualities @ http://localhost:3000/_next/static/chunks/node_modules_next_dist_7a8122d0._.js:2287
[     577ms] [WARNING] Image with src "/uploads/2-day-ijen-blue-fire-expedition-from-surabaya_0.webp" is using quality "64" which is not configured in images.qualities [75]. Please update your config to [64, 75].
Read more: https://nextjs.org/docs/messages/next-image-unconfigured-qualities @ http://localhost:3000/_next/static/chunks/node_modules_next_dist_7a8122d0._.js:2287
[     581ms] [WARNING] Image with src "/uploads/2-day-bromo-sunrise-adventure-from-surabaya_0.jpg" is using quality "64" which is not configured in images.qualities [75]. Please update your config to [64, 75].
Read more: https://nextjs.org/docs/messages/next-image-unconfigured-qualities @ http://localhost:3000/_next/static/chunks/node_modules_next_dist_7a8122d0._.js:2287
[     583ms] [WARNING] Image with src "/uploads/4-day-ijen-papuma-beach-tumpak-sewu-bromo-expedition-from-bali-to-surabaya_0.jpg" is using quality "64" which is not configured in images.qualities [75]. Please update your config to [64, 75].
Read more: https://nextjs.org/docs/messages/next-image-unconfigured-qualities @ http://localhost:3000/_next/static/chunks/node_modules_next_dist_7a8122d0._.js:2287
[     587ms] [WARNING] Image with src "/uploads/5-day-ijen-papuma-beach-tumpak-sewu-bromo-discovery-from-bali-to-surabaya_0.jpg" is using quality "64" which is not configured in images.qualities [75]. Please update your config to [64, 75].
Read more: https://nextjs.org/docs/messages/next-image-unconfigured-qualities @ http://localhost:3000/_next/static/chunks/node_modules_next_dist_7a8122d0._.js:2287
[     589ms] [WARNING] Image with src "/uploads/5-day-ijen-papuma-beach-tumpak-sewu-bromo-nature-trip-from-surabaya_0.webp" is using quality "64" which is not configured in images.qualities [75]. Please update your config to [64, 75].
Read more: https://nextjs.org/docs/messages/next-image-unconfigured-qualities @ http://localhost:3000/_next/static/chunks/node_modules_next_dist_7a8122d0._.js:2287
[     592ms] [WARNING] Image with src "/uploads/3-day-ijen-bromo-madakaripura-waterfall-journey-from-bali-to-surabaya_0.webp" is using quality "64" which is not configured in images.qualities [75]. Please update your config to [64, 75].
Read more: https://nextjs.org/docs/messages/next-image-unconfigured-qualities @ http://localhost:3000/_next/static/chunks/node_modules_next_dist_7a8122d0._.js:2287
[     595ms] [WARNING] Image with src "/uploads/1-day-bromo-midnight-experience-from-surabaya_0.jpg" is using quality "64" which is not configured in images.qualities [75]. Please update your config to [64, 75].
Read more: https://nextjs.org/docs/messages/next-image-unconfigured-qualities @ http://localhost:3000/_next/static/chunks/node_modules_next_dist_7a8122d0._.js:2287
[     605ms] [WARNING] Image with src "/uploads/6-day-ijen-papuma-beach-tumpak-sewu-bromo-malang-city-discovery-from-surabaya_0.jpg" is using quality "64" which is not configured in images.qualities [75]. Please update your config to [64, 75].
Read more: https://nextjs.org/docs/messages/next-image-unconfigured-qualities @ http://localhost:3000/_next/static/chunks/node_modules_next_dist_7a8122d0._.js:2287
[     612ms] [WARNING] Image with src "/uploads/3-day-bromo-ijen-volcano-discovery-from-bali_0.webp" is using quality "64" which is not configured in images.qualities [75]. Please update your config to [64, 75].
Read more: https://nextjs.org/docs/messages/next-image-unconfigured-qualities @ http://localhost:3000/_next/static/chunks/node_modules_next_dist_7a8122d0._.js:2287
[     615ms] [WARNING] Image with src "/uploads/3-day-taman-safari-prigen-bromo-madakaripura-family-adventure-from-surabaya_5.png" is using quality "64" which is not configured in images.qualities [75]. Please update your config to [64, 75].
Read more: https://nextjs.org/docs/messages/next-image-unconfigured-qualities @ http://localhost:3000/_next/static/chunks/node_modules_next_dist_7a8122d0._.js:2287
[     666ms] [LOG] [Fast Refresh] rebuilding @ http://localhost:3000/_next/static/chunks/node_modules_next_dist_7a8122d0._.js:2287
[     728ms] [WARNING] Image with src "http://localhost:3000/assets/img/jvto-logo.png" has either width or height modified, but not the other. If you use CSS to change the size of your image, also include the styles 'width: "auto"' or 'height: "auto"' to maintain the aspect ratio. @ http://localhost:3000/_next/static/chunks/node_modules_next_dist_7a8122d0._.js:2287
[     814ms] [LOG] [Fast Refresh] done in 270ms @ http://localhost:3000/_next/static/chunks/node_modules_next_dist_7a8122d0._.js:2287
